V3 3
FL "C:/Users/James Donnellan/Documents/GitHub/yolo-octo-wallhack/ch3Ex1/ls3-1.vhd" 2014/03/22.16:29:11 P.20131013
EN work/prio_encoder 1395505754 \
      FL "C:/Users/James Donnellan/Documents/GitHub/yolo-octo-wallhack/ch3Ex1/ls3-1.vhd" \
      PB ieee/std_logic_1164 1381692176
AR work/prio_encoder/cond_arch31 1395505755 \
      FL "C:/Users/James Donnellan/Documents/GitHub/yolo-octo-wallhack/ch3Ex1/ls3-1.vhd" \
      EN work/prio_encoder 1395505754
