AR eq2 struc_arch "C:/Users/James Donnellan/Documents/GitHub/yolo-octo-wallhack/eq2/eq2.vhd" sub00/vhpl03 1395091544
EN eq1 NULL "C:/Users/James Donnellan/Documents/GitHub/yolo-octo-wallhack/eq2/eq1.vhd" sub00/vhpl00 1395091541
EN eq2 NULL "C:/Users/James Donnellan/Documents/GitHub/yolo-octo-wallhack/eq2/eq2.vhd" sub00/vhpl02 1395091543
AR eq1 sop_arch "C:/Users/James Donnellan/Documents/GitHub/yolo-octo-wallhack/eq2/eq1.vhd" sub00/vhpl01 1395091542
