V3 6
FL "C:/Users/James Donnellan/Documents/GitHub/yolo-octo-wallhack/eq2/eq1.vhd" 2014/03/17.21:25:17 P.20131013
EN work/eq1 1395091541 \
      FL "C:/Users/James Donnellan/Documents/GitHub/yolo-octo-wallhack/eq2/eq1.vhd" \
      PB ieee/NUMERIC_STD 1381692181 PB ieee/std_logic_1164 1381692176
AR work/eq1/sop_arch 1395091542 \
      FL "C:/Users/James Donnellan/Documents/GitHub/yolo-octo-wallhack/eq2/eq1.vhd" \
      EN work/eq1 1395091541
FL "C:/Users/James Donnellan/Documents/GitHub/yolo-octo-wallhack/eq2/eq2.vhd" 2014/03/17.21:25:17 P.20131013
EN work/eq2 1395091543 \
      FL "C:/Users/James Donnellan/Documents/GitHub/yolo-octo-wallhack/eq2/eq2.vhd" \
      PB ieee/NUMERIC_STD 1381692181 PB ieee/std_logic_1164 1381692176
AR work/eq2/struc_arch 1395091544 \
      FL "C:/Users/James Donnellan/Documents/GitHub/yolo-octo-wallhack/eq2/eq2.vhd" \
      EN work/eq2 1395091543 AR work/eq1/sop_arch 1395091542
